Component: ARM Compiler 5.06 update 6 (build 750) Tool: armlink [4d35ed]

==============================================================================

Section Cross References

    startup_stm32g431xx.o(RESET) refers to startup_stm32g431xx.o(STACK) for __initial_sp
    startup_stm32g431xx.o(RESET) refers to startup_stm32g431xx.o(.text) for Reset_Handler
    startup_stm32g431xx.o(RESET) refers to stm32g4xx_it.o(i.NMI_Handler) for NMI_Handler
    startup_stm32g431xx.o(RESET) refers to stm32g4xx_it.o(i.HardFault_Handler) for HardFault_Handler
    startup_stm32g431xx.o(RESET) refers to stm32g4xx_it.o(i.MemManage_Handler) for MemManage_Handler
    startup_stm32g431xx.o(RESET) refers to stm32g4xx_it.o(i.BusFault_Handler) for BusFault_Handler
    startup_stm32g431xx.o(RESET) refers to stm32g4xx_it.o(i.UsageFault_Handler) for UsageFault_Handler
    startup_stm32g431xx.o(RESET) refers to stm32g4xx_it.o(i.SVC_Handler) for SVC_Handler
    startup_stm32g431xx.o(RESET) refers to stm32g4xx_it.o(i.DebugMon_Handler) for DebugMon_Handler
    startup_stm32g431xx.o(RESET) refers to stm32g4xx_it.o(i.PendSV_Handler) for PendSV_Handler
    startup_stm32g431xx.o(RESET) refers to stm32g4xx_it.o(i.SysTick_Handler) for SysTick_Handler
    startup_stm32g431xx.o(.text) refers to system_stm32g4xx.o(i.SystemInit) for SystemInit
    startup_stm32g431xx.o(.text) refers to entry.o(.ARM.Collect$$$$00000000) for __main
    main.o(i.SystemClock_Config) refers to main.o(i.LL_RCC_SetAHBPrescaler) for LL_RCC_SetAHBPrescaler
    main.o(i.SystemClock_Config) refers to stm32g4xx_ll_utils.o(i.LL_Init1msTick) for LL_Init1msTick
    main.o(i.SystemClock_Config) refers to stm32g4xx_ll_utils.o(i.LL_SetSystemCoreClock) for LL_SetSystemCoreClock
    main.o(i.main) refers to main.o(i.SystemClock_Config) for SystemClock_Config
    main.o(i.main) refers to gpio.o(i.MX_GPIO_Init) for MX_GPIO_Init
    main.o(i.main) refers to i2c.o(i.MX_I2C1_Init) for MX_I2C1_Init
    main.o(i.main) refers to usart.o(i.MX_USART1_UART_Init) for MX_USART1_UART_Init
    gpio.o(i.MX_GPIO_Init) refers to gpio.o(i.LL_AHB2_GRP1_EnableClock) for LL_AHB2_GRP1_EnableClock
    i2c.o(i.MX_I2C1_Init) refers to memseta.o(.text) for __aeabi_memclr4
    i2c.o(i.MX_I2C1_Init) refers to stm32g4xx_ll_gpio.o(i.LL_GPIO_Init) for LL_GPIO_Init
    i2c.o(i.MX_I2C1_Init) refers to stm32g4xx_ll_i2c.o(i.LL_I2C_Init) for LL_I2C_Init
    usart.o(i.MX_USART1_UART_Init) refers to memseta.o(.text) for __aeabi_memclr4
    usart.o(i.MX_USART1_UART_Init) refers to stm32g4xx_ll_gpio.o(i.LL_GPIO_Init) for LL_GPIO_Init
    usart.o(i.MX_USART1_UART_Init) refers to stm32g4xx_ll_usart.o(i.LL_USART_Init) for LL_USART_Init
    usart.o(i.u1_printf) refers to printfa.o(i.__0vsprintf) for vsprintf
    usart.o(i.u1_printf) refers to strlen.o(.text) for strlen
    usart.o(i.u1_printf) refers to usart.o(.bss) for .bss
    stm32g4xx_ll_utils.o(i.LL_PLL_ConfigSystemClock_HSE) refers to stm32g4xx_ll_utils.o(i.UTILS_PLL_IsBusy) for UTILS_PLL_IsBusy
    stm32g4xx_ll_utils.o(i.LL_PLL_ConfigSystemClock_HSE) refers to stm32g4xx_ll_utils.o(i.UTILS_GetPLLOutputFrequency) for UTILS_GetPLLOutputFrequency
    stm32g4xx_ll_utils.o(i.LL_PLL_ConfigSystemClock_HSE) refers to stm32g4xx_ll_utils.o(i.LL_RCC_PLL_ConfigDomain_SYS) for LL_RCC_PLL_ConfigDomain_SYS
    stm32g4xx_ll_utils.o(i.LL_PLL_ConfigSystemClock_HSE) refers to stm32g4xx_ll_utils.o(i.UTILS_EnablePLLAndSwitchSystem) for UTILS_EnablePLLAndSwitchSystem
    stm32g4xx_ll_utils.o(i.LL_PLL_ConfigSystemClock_HSE) refers to stm32g4xx_ll_utils.o(i.LL_SetFlashLatency) for LL_SetFlashLatency
    stm32g4xx_ll_utils.o(i.LL_PLL_ConfigSystemClock_HSE) refers to stm32g4xx_ll_utils.o(i.LL_RCC_SetAHBPrescaler) for LL_RCC_SetAHBPrescaler
    stm32g4xx_ll_utils.o(i.LL_PLL_ConfigSystemClock_HSE) refers to system_stm32g4xx.o(.data) for SystemCoreClock
    stm32g4xx_ll_utils.o(i.LL_PLL_ConfigSystemClock_HSI) refers to stm32g4xx_ll_utils.o(i.UTILS_PLL_IsBusy) for UTILS_PLL_IsBusy
    stm32g4xx_ll_utils.o(i.LL_PLL_ConfigSystemClock_HSI) refers to stm32g4xx_ll_utils.o(i.UTILS_GetPLLOutputFrequency) for UTILS_GetPLLOutputFrequency
    stm32g4xx_ll_utils.o(i.LL_PLL_ConfigSystemClock_HSI) refers to stm32g4xx_ll_utils.o(i.LL_RCC_PLL_ConfigDomain_SYS) for LL_RCC_PLL_ConfigDomain_SYS
    stm32g4xx_ll_utils.o(i.LL_PLL_ConfigSystemClock_HSI) refers to stm32g4xx_ll_utils.o(i.UTILS_EnablePLLAndSwitchSystem) for UTILS_EnablePLLAndSwitchSystem
    stm32g4xx_ll_utils.o(i.LL_PLL_ConfigSystemClock_HSI) refers to stm32g4xx_ll_utils.o(i.LL_SetFlashLatency) for LL_SetFlashLatency
    stm32g4xx_ll_utils.o(i.LL_PLL_ConfigSystemClock_HSI) refers to stm32g4xx_ll_utils.o(i.LL_RCC_SetAHBPrescaler) for LL_RCC_SetAHBPrescaler
    stm32g4xx_ll_utils.o(i.LL_PLL_ConfigSystemClock_HSI) refers to system_stm32g4xx.o(.data) for SystemCoreClock
    stm32g4xx_ll_utils.o(i.LL_SetSystemCoreClock) refers to system_stm32g4xx.o(.data) for SystemCoreClock
    stm32g4xx_ll_utils.o(i.UTILS_EnablePLLAndSwitchSystem) refers to stm32g4xx_ll_utils.o(i.LL_SetFlashLatency) for LL_SetFlashLatency
    stm32g4xx_ll_utils.o(i.UTILS_EnablePLLAndSwitchSystem) refers to stm32g4xx_ll_utils.o(i.LL_RCC_SetAHBPrescaler) for LL_RCC_SetAHBPrescaler
    stm32g4xx_ll_utils.o(i.UTILS_EnablePLLAndSwitchSystem) refers to system_stm32g4xx.o(.constdata) for AHBPrescTable
    stm32g4xx_ll_utils.o(i.UTILS_EnablePLLAndSwitchSystem) refers to system_stm32g4xx.o(.data) for SystemCoreClock
    stm32g4xx_ll_gpio.o(i.LL_GPIO_DeInit) refers to stm32g4xx_ll_gpio.o(i.LL_AHB2_GRP1_ForceReset) for LL_AHB2_GRP1_ForceReset
    stm32g4xx_ll_gpio.o(i.LL_GPIO_DeInit) refers to stm32g4xx_ll_gpio.o(i.LL_AHB2_GRP1_ReleaseReset) for LL_AHB2_GRP1_ReleaseReset
    stm32g4xx_ll_dma.o(i.LL_DMA_DeInit) refers to stm32g4xx_ll_dma.o(i.LL_DMA_SetPeriphRequest) for LL_DMA_SetPeriphRequest
    stm32g4xx_ll_dma.o(i.LL_DMA_Init) refers to stm32g4xx_ll_dma.o(i.LL_DMA_SetPeriphRequest) for LL_DMA_SetPeriphRequest
    stm32g4xx_ll_dma.o(i.LL_DMA_Init) refers to stm32g4xx_ll_dma.o(.constdata) for .constdata
    stm32g4xx_ll_usart.o(i.LL_USART_Init) refers to stm32g4xx_ll_rcc.o(i.LL_RCC_GetUSARTClockFreq) for LL_RCC_GetUSARTClockFreq
    stm32g4xx_ll_usart.o(i.LL_USART_Init) refers to stm32g4xx_ll_rcc.o(i.LL_RCC_GetUARTClockFreq) for LL_RCC_GetUARTClockFreq
    stm32g4xx_ll_usart.o(i.LL_USART_Init) refers to stm32g4xx_ll_usart.o(.constdata) for .constdata
    stm32g4xx_ll_rcc.o(i.LL_RCC_DeInit) refers to stm32g4xx_ll_rcc.o(i.LL_RCC_HSI_IsReady) for LL_RCC_HSI_IsReady
    stm32g4xx_ll_rcc.o(i.LL_RCC_DeInit) refers to stm32g4xx_ll_rcc.o(i.LL_RCC_PLL_IsReady) for LL_RCC_PLL_IsReady
    stm32g4xx_ll_rcc.o(i.LL_RCC_GetADCClockFreq) refers to stm32g4xx_ll_rcc.o(i.LL_RCC_PLL_IsReady) for LL_RCC_PLL_IsReady
    stm32g4xx_ll_rcc.o(i.LL_RCC_GetADCClockFreq) refers to stm32g4xx_ll_rcc.o(i.RCC_PLL_GetFreqDomain_ADC) for RCC_PLL_GetFreqDomain_ADC
    stm32g4xx_ll_rcc.o(i.LL_RCC_GetADCClockFreq) refers to stm32g4xx_ll_rcc.o(i.RCC_GetSystemClockFreq) for RCC_GetSystemClockFreq
    stm32g4xx_ll_rcc.o(i.LL_RCC_GetFDCANClockFreq) refers to stm32g4xx_ll_rcc.o(i.LL_RCC_PLL_IsReady) for LL_RCC_PLL_IsReady
    stm32g4xx_ll_rcc.o(i.LL_RCC_GetFDCANClockFreq) refers to stm32g4xx_ll_rcc.o(i.RCC_PLL_GetFreqDomain_48M) for RCC_PLL_GetFreqDomain_48M
    stm32g4xx_ll_rcc.o(i.LL_RCC_GetFDCANClockFreq) refers to stm32g4xx_ll_rcc.o(i.RCC_GetSystemClockFreq) for RCC_GetSystemClockFreq
    stm32g4xx_ll_rcc.o(i.LL_RCC_GetFDCANClockFreq) refers to stm32g4xx_ll_rcc.o(i.RCC_GetHCLKClockFreq) for RCC_GetHCLKClockFreq
    stm32g4xx_ll_rcc.o(i.LL_RCC_GetFDCANClockFreq) refers to stm32g4xx_ll_rcc.o(i.RCC_GetPCLK1ClockFreq) for RCC_GetPCLK1ClockFreq
    stm32g4xx_ll_rcc.o(i.LL_RCC_GetI2CClockFreq) refers to stm32g4xx_ll_rcc.o(i.LL_RCC_GetI2CClockSource) for LL_RCC_GetI2CClockSource
    stm32g4xx_ll_rcc.o(i.LL_RCC_GetI2CClockFreq) refers to stm32g4xx_ll_rcc.o(i.RCC_GetSystemClockFreq) for RCC_GetSystemClockFreq
    stm32g4xx_ll_rcc.o(i.LL_RCC_GetI2CClockFreq) refers to stm32g4xx_ll_rcc.o(i.RCC_GetHCLKClockFreq) for RCC_GetHCLKClockFreq
    stm32g4xx_ll_rcc.o(i.LL_RCC_GetI2CClockFreq) refers to stm32g4xx_ll_rcc.o(i.RCC_GetPCLK1ClockFreq) for RCC_GetPCLK1ClockFreq
    stm32g4xx_ll_rcc.o(i.LL_RCC_GetI2CClockFreq) refers to stm32g4xx_ll_rcc.o(i.LL_RCC_HSI_IsReady) for LL_RCC_HSI_IsReady
    stm32g4xx_ll_rcc.o(i.LL_RCC_GetI2SClockFreq) refers to stm32g4xx_ll_rcc.o(i.LL_RCC_HSI_IsReady) for LL_RCC_HSI_IsReady
    stm32g4xx_ll_rcc.o(i.LL_RCC_GetI2SClockFreq) refers to stm32g4xx_ll_rcc.o(i.RCC_GetSystemClockFreq) for RCC_GetSystemClockFreq
    stm32g4xx_ll_rcc.o(i.LL_RCC_GetI2SClockFreq) refers to stm32g4xx_ll_rcc.o(i.LL_RCC_PLL_IsReady) for LL_RCC_PLL_IsReady
    stm32g4xx_ll_rcc.o(i.LL_RCC_GetI2SClockFreq) refers to stm32g4xx_ll_rcc.o(i.RCC_PLL_GetFreqDomain_48M) for RCC_PLL_GetFreqDomain_48M
    stm32g4xx_ll_rcc.o(i.LL_RCC_GetLPTIMClockFreq) refers to stm32g4xx_ll_rcc.o(i.LL_RCC_LSE_IsReady) for LL_RCC_LSE_IsReady
    stm32g4xx_ll_rcc.o(i.LL_RCC_GetLPTIMClockFreq) refers to stm32g4xx_ll_rcc.o(i.LL_RCC_HSI_IsReady) for LL_RCC_HSI_IsReady
    stm32g4xx_ll_rcc.o(i.LL_RCC_GetLPTIMClockFreq) refers to stm32g4xx_ll_rcc.o(i.RCC_GetSystemClockFreq) for RCC_GetSystemClockFreq
    stm32g4xx_ll_rcc.o(i.LL_RCC_GetLPTIMClockFreq) refers to stm32g4xx_ll_rcc.o(i.RCC_GetHCLKClockFreq) for RCC_GetHCLKClockFreq
    stm32g4xx_ll_rcc.o(i.LL_RCC_GetLPTIMClockFreq) refers to stm32g4xx_ll_rcc.o(i.RCC_GetPCLK1ClockFreq) for RCC_GetPCLK1ClockFreq
    stm32g4xx_ll_rcc.o(i.LL_RCC_GetLPUARTClockFreq) refers to stm32g4xx_ll_rcc.o(i.RCC_GetSystemClockFreq) for RCC_GetSystemClockFreq
    stm32g4xx_ll_rcc.o(i.LL_RCC_GetLPUARTClockFreq) refers to stm32g4xx_ll_rcc.o(i.RCC_GetHCLKClockFreq) for RCC_GetHCLKClockFreq
    stm32g4xx_ll_rcc.o(i.LL_RCC_GetLPUARTClockFreq) refers to stm32g4xx_ll_rcc.o(i.RCC_GetPCLK1ClockFreq) for RCC_GetPCLK1ClockFreq
    stm32g4xx_ll_rcc.o(i.LL_RCC_GetLPUARTClockFreq) refers to stm32g4xx_ll_rcc.o(i.LL_RCC_HSI_IsReady) for LL_RCC_HSI_IsReady
    stm32g4xx_ll_rcc.o(i.LL_RCC_GetLPUARTClockFreq) refers to stm32g4xx_ll_rcc.o(i.LL_RCC_LSE_IsReady) for LL_RCC_LSE_IsReady
    stm32g4xx_ll_rcc.o(i.LL_RCC_GetRNGClockFreq) refers to stm32g4xx_ll_rcc.o(i.LL_RCC_PLL_IsReady) for LL_RCC_PLL_IsReady
    stm32g4xx_ll_rcc.o(i.LL_RCC_GetRNGClockFreq) refers to stm32g4xx_ll_rcc.o(i.RCC_PLL_GetFreqDomain_48M) for RCC_PLL_GetFreqDomain_48M
    stm32g4xx_ll_rcc.o(i.LL_RCC_GetSAIClockFreq) refers to stm32g4xx_ll_rcc.o(i.LL_RCC_HSI_IsReady) for LL_RCC_HSI_IsReady
    stm32g4xx_ll_rcc.o(i.LL_RCC_GetSAIClockFreq) refers to stm32g4xx_ll_rcc.o(i.RCC_GetSystemClockFreq) for RCC_GetSystemClockFreq
    stm32g4xx_ll_rcc.o(i.LL_RCC_GetSAIClockFreq) refers to stm32g4xx_ll_rcc.o(i.LL_RCC_PLL_IsReady) for LL_RCC_PLL_IsReady
    stm32g4xx_ll_rcc.o(i.LL_RCC_GetSAIClockFreq) refers to stm32g4xx_ll_rcc.o(i.RCC_PLL_GetFreqDomain_48M) for RCC_PLL_GetFreqDomain_48M
    stm32g4xx_ll_rcc.o(i.LL_RCC_GetSystemClocksFreq) refers to stm32g4xx_ll_rcc.o(i.RCC_GetSystemClockFreq) for RCC_GetSystemClockFreq
    stm32g4xx_ll_rcc.o(i.LL_RCC_GetSystemClocksFreq) refers to stm32g4xx_ll_rcc.o(i.RCC_GetHCLKClockFreq) for RCC_GetHCLKClockFreq
    stm32g4xx_ll_rcc.o(i.LL_RCC_GetSystemClocksFreq) refers to stm32g4xx_ll_rcc.o(i.RCC_GetPCLK1ClockFreq) for RCC_GetPCLK1ClockFreq
    stm32g4xx_ll_rcc.o(i.LL_RCC_GetSystemClocksFreq) refers to stm32g4xx_ll_rcc.o(i.RCC_GetPCLK2ClockFreq) for RCC_GetPCLK2ClockFreq
    stm32g4xx_ll_rcc.o(i.LL_RCC_GetUARTClockFreq) refers to stm32g4xx_ll_rcc.o(i.RCC_GetSystemClockFreq) for RCC_GetSystemClockFreq
    stm32g4xx_ll_rcc.o(i.LL_RCC_GetUARTClockFreq) refers to stm32g4xx_ll_rcc.o(i.RCC_GetHCLKClockFreq) for RCC_GetHCLKClockFreq
    stm32g4xx_ll_rcc.o(i.LL_RCC_GetUARTClockFreq) refers to stm32g4xx_ll_rcc.o(i.RCC_GetPCLK1ClockFreq) for RCC_GetPCLK1ClockFreq
    stm32g4xx_ll_rcc.o(i.LL_RCC_GetUARTClockFreq) refers to stm32g4xx_ll_rcc.o(i.LL_RCC_HSI_IsReady) for LL_RCC_HSI_IsReady
    stm32g4xx_ll_rcc.o(i.LL_RCC_GetUARTClockFreq) refers to stm32g4xx_ll_rcc.o(i.LL_RCC_LSE_IsReady) for LL_RCC_LSE_IsReady
    stm32g4xx_ll_rcc.o(i.LL_RCC_GetUSARTClockFreq) refers to stm32g4xx_ll_rcc.o(i.RCC_GetSystemClockFreq) for RCC_GetSystemClockFreq
    stm32g4xx_ll_rcc.o(i.LL_RCC_GetUSARTClockFreq) refers to stm32g4xx_ll_rcc.o(i.RCC_GetHCLKClockFreq) for RCC_GetHCLKClockFreq
    stm32g4xx_ll_rcc.o(i.LL_RCC_GetUSARTClockFreq) refers to stm32g4xx_ll_rcc.o(i.RCC_GetPCLK2ClockFreq) for RCC_GetPCLK2ClockFreq
    stm32g4xx_ll_rcc.o(i.LL_RCC_GetUSARTClockFreq) refers to stm32g4xx_ll_rcc.o(i.RCC_GetPCLK1ClockFreq) for RCC_GetPCLK1ClockFreq
    stm32g4xx_ll_rcc.o(i.LL_RCC_GetUSARTClockFreq) refers to stm32g4xx_ll_rcc.o(i.LL_RCC_LSE_IsReady) for LL_RCC_LSE_IsReady
    stm32g4xx_ll_rcc.o(i.LL_RCC_GetUSARTClockFreq) refers to stm32g4xx_ll_rcc.o(i.LL_RCC_HSI_IsReady) for LL_RCC_HSI_IsReady
    stm32g4xx_ll_rcc.o(i.LL_RCC_GetUSBClockFreq) refers to stm32g4xx_ll_rcc.o(i.LL_RCC_PLL_IsReady) for LL_RCC_PLL_IsReady
    stm32g4xx_ll_rcc.o(i.LL_RCC_GetUSBClockFreq) refers to stm32g4xx_ll_rcc.o(i.RCC_PLL_GetFreqDomain_48M) for RCC_PLL_GetFreqDomain_48M
    stm32g4xx_ll_rcc.o(i.RCC_GetHCLKClockFreq) refers to system_stm32g4xx.o(.constdata) for AHBPrescTable
    stm32g4xx_ll_rcc.o(i.RCC_GetPCLK1ClockFreq) refers to system_stm32g4xx.o(.constdata) for APBPrescTable
    stm32g4xx_ll_rcc.o(i.RCC_GetPCLK2ClockFreq) refers to system_stm32g4xx.o(.constdata) for APBPrescTable
    stm32g4xx_ll_rcc.o(i.RCC_GetSystemClockFreq) refers to stm32g4xx_ll_rcc.o(i.RCC_PLL_GetFreqDomain_SYS) for RCC_PLL_GetFreqDomain_SYS
    system_stm32g4xx.o(i.SystemCoreClockUpdate) refers to system_stm32g4xx.o(.data) for .data
    system_stm32g4xx.o(i.SystemCoreClockUpdate) refers to system_stm32g4xx.o(.constdata) for .constdata
    entry.o(.ARM.Collect$$$$00000000) refers (Special) to entry10a.o(.ARM.Collect$$$$0000000D) for __rt_final_cpp
    entry.o(.ARM.Collect$$$$00000000) refers (Special) to entry11a.o(.ARM.Collect$$$$0000000F) for __rt_final_exit
    entry.o(.ARM.Collect$$$$00000000) refers (Special) to entry7b.o(.ARM.Collect$$$$00000008) for _main_clock
    entry.o(.ARM.Collect$$$$00000000) refers (Special) to entry8b.o(.ARM.Collect$$$$0000000A) for _main_cpp_init
    entry.o(.ARM.Collect$$$$00000000) refers (Special) to entry9a.o(.ARM.Collect$$$$0000000B) for _main_init
    entry.o(.ARM.Collect$$$$00000000) refers (Special) to entry5.o(.ARM.Collect$$$$00000004) for _main_scatterload
    entry.o(.ARM.Collect$$$$00000000) refers (Special) to entry2.o(.ARM.Collect$$$$00000001) for _main_stk
    printfa.o(i.__0fprintf) refers (Special) to iusefp.o(.text) for __I$use$fp
    printfa.o(i.__0fprintf) refers to printfa.o(i._printf_core) for _printf_core
    printfa.o(i.__0fprintf) refers to fputc.o(i.fputc) for fputc
    printfa.o(i.__0printf) refers (Special) to iusefp.o(.text) for __I$use$fp
    printfa.o(i.__0printf) refers to printfa.o(i._printf_core) for _printf_core
    printfa.o(i.__0printf) refers to fputc.o(i.fputc) for fputc
    printfa.o(i.__0printf) refers to stdout.o(.data) for __stdout
    printfa.o(i.__0snprintf) refers (Special) to iusefp.o(.text) for __I$use$fp
    printfa.o(i.__0snprintf) refers to printfa.o(i._printf_core) for _printf_core
    printfa.o(i.__0snprintf) refers to printfa.o(i._snputc) for _snputc
    printfa.o(i.__0sprintf) refers (Special) to iusefp.o(.text) for __I$use$fp
    printfa.o(i.__0sprintf) refers to printfa.o(i._printf_core) for _printf_core
    printfa.o(i.__0sprintf) refers to printfa.o(i._sputc) for _sputc
    printfa.o(i.__0vfprintf) refers (Special) to iusefp.o(.text) for __I$use$fp
    printfa.o(i.__0vfprintf) refers to printfa.o(i._printf_core) for _printf_core
    printfa.o(i.__0vfprintf) refers to fputc.o(i.fputc) for fputc
    printfa.o(i.__0vprintf) refers (Special) to iusefp.o(.text) for __I$use$fp
    printfa.o(i.__0vprintf) refers to printfa.o(i._printf_core) for _printf_core
    printfa.o(i.__0vprintf) refers to fputc.o(i.fputc) for fputc
    printfa.o(i.__0vprintf) refers to stdout.o(.data) for __stdout
    printfa.o(i.__0vsnprintf) refers (Special) to iusefp.o(.text) for __I$use$fp
    printfa.o(i.__0vsnprintf) refers to printfa.o(i._printf_core) for _printf_core
    printfa.o(i.__0vsnprintf) refers to printfa.o(i._snputc) for _snputc
    printfa.o(i.__0vsprintf) refers (Special) to iusefp.o(.text) for __I$use$fp
    printfa.o(i.__0vsprintf) refers to printfa.o(i._printf_core) for _printf_core
    printfa.o(i.__0vsprintf) refers to printfa.o(i._sputc) for _sputc
    printfa.o(i._fp_digits) refers (Special) to iusefp.o(.text) for __I$use$fp
    printfa.o(i._fp_digits) refers to dmul.o(.text) for __aeabi_dmul
    printfa.o(i._fp_digits) refers to ddiv.o(.text) for __aeabi_ddiv
    printfa.o(i._fp_digits) refers to cdrcmple.o(.text) for __aeabi_cdrcmple
    printfa.o(i._fp_digits) refers to dadd.o(.text) for __aeabi_dadd
    printfa.o(i._fp_digits) refers to dfixul.o(.text) for __aeabi_d2ulz
    printfa.o(i._fp_digits) refers to uldiv.o(.text) for __aeabi_uldivmod
    printfa.o(i._printf_core) refers (Special) to iusefp.o(.text) for __I$use$fp
    printfa.o(i._printf_core) refers to printfa.o(i._printf_pre_padding) for _printf_pre_padding
    printfa.o(i._printf_core) refers to uldiv.o(.text) for __aeabi_uldivmod
    printfa.o(i._printf_core) refers to printfa.o(i._printf_post_padding) for _printf_post_padding
    printfa.o(i._printf_core) refers to printfa.o(i._fp_digits) for _fp_digits
    printfa.o(i._printf_core) refers to uidiv.o(.text) for __aeabi_uidivmod
    printfa.o(i._printf_post_padding) refers (Special) to iusefp.o(.text) for __I$use$fp
    printfa.o(i._printf_pre_padding) refers (Special) to iusefp.o(.text) for __I$use$fp
    printfa.o(i._snputc) refers (Special) to iusefp.o(.text) for __I$use$fp
    printfa.o(i._sputc) refers (Special) to iusefp.o(.text) for __I$use$fp
    entry2.o(.ARM.Collect$$$$00000001) refers to entry2.o(.ARM.Collect$$$$00002712) for __lit__00000000
    entry2.o(.ARM.Collect$$$$00002712) refers to startup_stm32g431xx.o(STACK) for __initial_sp
    entry2.o(__vectab_stack_and_reset_area) refers to startup_stm32g431xx.o(STACK) for __initial_sp
    entry2.o(__vectab_stack_and_reset_area) refers to entry.o(.ARM.Collect$$$$00000000) for __main
    entry5.o(.ARM.Collect$$$$00000004) refers to init.o(.text) for __scatterload
    entry9a.o(.ARM.Collect$$$$0000000B) refers to main.o(i.main) for main
    entry9b.o(.ARM.Collect$$$$0000000C) refers to main.o(i.main) for main
    fputc.o(i.fputc) refers (Special) to iusesemip.o(.text) for __I$use$semihosting$fputc
    fputc.o(i.fputc) refers (Special) to semi.o(.text) for __semihosting_library_function
    uldiv.o(.text) refers to llushr.o(.text) for __aeabi_llsr
    uldiv.o(.text) refers to llshl.o(.text) for __aeabi_llsl
    dadd.o(.text) refers to llshl.o(.text) for __aeabi_llsl
    dadd.o(.text) refers to llsshr.o(.text) for __aeabi_lasr
    dadd.o(.text) refers to depilogue.o(.text) for _double_epilogue
    dmul.o(.text) refers to depilogue.o(.text) for _double_epilogue
    ddiv.o(.text) refers to depilogue.o(.text) for _double_round
    dfixul.o(.text) refers to llushr.o(.text) for __aeabi_llsr
    dfixul.o(.text) refers to llshl.o(.text) for __aeabi_llsl
    init.o(.text) refers to entry5.o(.ARM.Collect$$$$00000004) for __main_after_scatterload
    depilogue.o(.text) refers to llshl.o(.text) for __aeabi_llsl
    depilogue.o(.text) refers to llushr.o(.text) for __aeabi_llsr


==============================================================================

Removing Unused input sections from the image.

    Removing startup_stm32g431xx.o(HEAP), (512 bytes).
    Removing main.o(.rev16_text), (4 bytes).
    Removing main.o(.revsh_text), (4 bytes).
    Removing main.o(.rrx_text), (6 bytes).
    Removing main.o(i.Error_Handler), (4 bytes).
    Removing gpio.o(.rev16_text), (4 bytes).
    Removing gpio.o(.revsh_text), (4 bytes).
    Removing gpio.o(.rrx_text), (6 bytes).
    Removing i2c.o(.rev16_text), (4 bytes).
    Removing i2c.o(.revsh_text), (4 bytes).
    Removing i2c.o(.rrx_text), (6 bytes).
    Removing i2c.o(i.API_I2CxMasterRecv), (400 bytes).
    Removing i2c.o(i.API_I2CxMasterSend), (284 bytes).
    Removing usart.o(.rev16_text), (4 bytes).
    Removing usart.o(.revsh_text), (4 bytes).
    Removing usart.o(.rrx_text), (6 bytes).
    Removing usart.o(i.u1_printf), (68 bytes).
    Removing usart.o(.bss), (256 bytes).
    Removing stm32g4xx_it.o(.rev16_text), (4 bytes).
    Removing stm32g4xx_it.o(.revsh_text), (4 bytes).
    Removing stm32g4xx_it.o(.rrx_text), (6 bytes).
    Removing stm32g4xx_ll_utils.o(.rev16_text), (4 bytes).
    Removing stm32g4xx_ll_utils.o(.revsh_text), (4 bytes).
    Removing stm32g4xx_ll_utils.o(.rrx_text), (6 bytes).
    Removing stm32g4xx_ll_utils.o(i.LL_PLL_ConfigSystemClock_HSE), (164 bytes).
    Removing stm32g4xx_ll_utils.o(i.LL_PLL_ConfigSystemClock_HSI), (144 bytes).
    Removing stm32g4xx_ll_utils.o(i.LL_RCC_PLL_ConfigDomain_SYS), (32 bytes).
    Removing stm32g4xx_ll_utils.o(i.LL_RCC_SetAHBPrescaler), (20 bytes).
    Removing stm32g4xx_ll_utils.o(i.LL_SetFlashLatency), (208 bytes).
    Removing stm32g4xx_ll_utils.o(i.LL_mDelay), (30 bytes).
    Removing stm32g4xx_ll_utils.o(i.UTILS_EnablePLLAndSwitchSystem), (164 bytes).
    Removing stm32g4xx_ll_utils.o(i.UTILS_GetPLLOutputFrequency), (34 bytes).
    Removing stm32g4xx_ll_utils.o(i.UTILS_PLL_IsBusy), (24 bytes).
    Removing stm32g4xx_ll_exti.o(.rev16_text), (4 bytes).
    Removing stm32g4xx_ll_exti.o(.revsh_text), (4 bytes).
    Removing stm32g4xx_ll_exti.o(.rrx_text), (6 bytes).
    Removing stm32g4xx_ll_exti.o(i.LL_EXTI_DeInit), (80 bytes).
    Removing stm32g4xx_ll_exti.o(i.LL_EXTI_Init), (324 bytes).
    Removing stm32g4xx_ll_exti.o(i.LL_EXTI_StructInit), (16 bytes).
    Removing stm32g4xx_ll_gpio.o(.rev16_text), (4 bytes).
    Removing stm32g4xx_ll_gpio.o(.revsh_text), (4 bytes).
    Removing stm32g4xx_ll_gpio.o(.rrx_text), (6 bytes).
    Removing stm32g4xx_ll_gpio.o(i.LL_AHB2_GRP1_ForceReset), (16 bytes).
    Removing stm32g4xx_ll_gpio.o(i.LL_AHB2_GRP1_ReleaseReset), (16 bytes).
    Removing stm32g4xx_ll_gpio.o(i.LL_GPIO_DeInit), (152 bytes).
    Removing stm32g4xx_ll_gpio.o(i.LL_GPIO_StructInit), (22 bytes).
    Removing stm32g4xx_ll_i2c.o(.rev16_text), (4 bytes).
    Removing stm32g4xx_ll_i2c.o(.revsh_text), (4 bytes).
    Removing stm32g4xx_ll_i2c.o(.rrx_text), (6 bytes).
    Removing stm32g4xx_ll_i2c.o(i.LL_I2C_DeInit), (96 bytes).
    Removing stm32g4xx_ll_i2c.o(i.LL_I2C_StructInit), (22 bytes).
    Removing stm32g4xx_ll_dma.o(.rev16_text), (4 bytes).
    Removing stm32g4xx_ll_dma.o(.revsh_text), (4 bytes).
    Removing stm32g4xx_ll_dma.o(.rrx_text), (6 bytes).
    Removing stm32g4xx_ll_dma.o(i.LL_DMA_DeInit), (284 bytes).
    Removing stm32g4xx_ll_dma.o(i.LL_DMA_Init), (96 bytes).
    Removing stm32g4xx_ll_dma.o(i.LL_DMA_SetPeriphRequest), (36 bytes).
    Removing stm32g4xx_ll_dma.o(i.LL_DMA_StructInit), (26 bytes).
    Removing stm32g4xx_ll_dma.o(.constdata), (6 bytes).
    Removing stm32g4xx_ll_pwr.o(.rev16_text), (4 bytes).
    Removing stm32g4xx_ll_pwr.o(.revsh_text), (4 bytes).
    Removing stm32g4xx_ll_pwr.o(.rrx_text), (6 bytes).
    Removing stm32g4xx_ll_pwr.o(i.LL_PWR_DeInit), (28 bytes).
    Removing stm32g4xx_ll_usart.o(.rev16_text), (4 bytes).
    Removing stm32g4xx_ll_usart.o(.revsh_text), (4 bytes).
    Removing stm32g4xx_ll_usart.o(.rrx_text), (6 bytes).
    Removing stm32g4xx_ll_usart.o(i.LL_USART_ClockInit), (56 bytes).
    Removing stm32g4xx_ll_usart.o(i.LL_USART_ClockStructInit), (12 bytes).
    Removing stm32g4xx_ll_usart.o(i.LL_USART_DeInit), (124 bytes).
    Removing stm32g4xx_ll_usart.o(i.LL_USART_StructInit), (26 bytes).
    Removing stm32g4xx_ll_rcc.o(.rev16_text), (4 bytes).
    Removing stm32g4xx_ll_rcc.o(.revsh_text), (4 bytes).
    Removing stm32g4xx_ll_rcc.o(.rrx_text), (6 bytes).
    Removing stm32g4xx_ll_rcc.o(i.LL_RCC_DeInit), (96 bytes).
    Removing stm32g4xx_ll_rcc.o(i.LL_RCC_GetADCClockFreq), (80 bytes).
    Removing stm32g4xx_ll_rcc.o(i.LL_RCC_GetFDCANClockFreq), (84 bytes).
    Removing stm32g4xx_ll_rcc.o(i.LL_RCC_GetI2CClockFreq), (108 bytes).
    Removing stm32g4xx_ll_rcc.o(i.LL_RCC_GetI2CClockSource), (32 bytes).
    Removing stm32g4xx_ll_rcc.o(i.LL_RCC_GetI2SClockFreq), (84 bytes).
    Removing stm32g4xx_ll_rcc.o(i.LL_RCC_GetLPTIMClockFreq), (104 bytes).
    Removing stm32g4xx_ll_rcc.o(i.LL_RCC_GetLPUARTClockFreq), (84 bytes).
    Removing stm32g4xx_ll_rcc.o(i.LL_RCC_GetRNGClockFreq), (68 bytes).
    Removing stm32g4xx_ll_rcc.o(i.LL_RCC_GetSAIClockFreq), (84 bytes).
    Removing stm32g4xx_ll_rcc.o(i.LL_RCC_GetSystemClocksFreq), (32 bytes).
    Removing stm32g4xx_ll_rcc.o(i.LL_RCC_GetUSBClockFreq), (68 bytes).
    Removing stm32g4xx_ll_rcc.o(i.LL_RCC_PLL_IsReady), (16 bytes).
    Removing stm32g4xx_ll_rcc.o(i.RCC_PLL_GetFreqDomain_48M), (72 bytes).
    Removing stm32g4xx_ll_rcc.o(i.RCC_PLL_GetFreqDomain_ADC), (88 bytes).
    Removing system_stm32g4xx.o(.rev16_text), (4 bytes).
    Removing system_stm32g4xx.o(.revsh_text), (4 bytes).
    Removing system_stm32g4xx.o(.rrx_text), (6 bytes).
    Removing system_stm32g4xx.o(i.SystemCoreClockUpdate), (124 bytes).
    Removing dadd.o(.text), (334 bytes).
    Removing dmul.o(.text), (228 bytes).
    Removing ddiv.o(.text), (222 bytes).
    Removing dfixul.o(.text), (48 bytes).
    Removing cdrcmple.o(.text), (48 bytes).
    Removing depilogue.o(.text), (186 bytes).

98 unused section(s) (total 6268 bytes) removed from the image.

==============================================================================

Image Symbol Table

    Local Symbols

    Symbol Name                              Value     Ov Type        Size  Object(Section)

    ../Core/Src/gpio.c                       0x00000000   Number         0  gpio.o ABSOLUTE
    ../Core/Src/i2c.c                        0x00000000   Number         0  i2c.o ABSOLUTE
    ../Core/Src/main.c                       0x00000000   Number         0  main.o ABSOLUTE
    ../Core/Src/stm32g4xx_it.c               0x00000000   Number         0  stm32g4xx_it.o ABSOLUTE
    ../Core/Src/system_stm32g4xx.c           0x00000000   Number         0  system_stm32g4xx.o ABSOLUTE
    ../Core/Src/usart.c                      0x00000000   Number         0  usart.o ABSOLUTE
    ../Drivers/STM32G4xx_HAL_Driver/Src/stm32g4xx_ll_dma.c 0x00000000   Number         0  stm32g4xx_ll_dma.o ABSOLUTE
    ../Drivers/STM32G4xx_HAL_Driver/Src/stm32g4xx_ll_exti.c 0x00000000   Number         0  stm32g4xx_ll_exti.o ABSOLUTE
    ../Drivers/STM32G4xx_HAL_Driver/Src/stm32g4xx_ll_gpio.c 0x00000000   Number         0  stm32g4xx_ll_gpio.o ABSOLUTE
    ../Drivers/STM32G4xx_HAL_Driver/Src/stm32g4xx_ll_i2c.c 0x00000000   Number         0  stm32g4xx_ll_i2c.o ABSOLUTE
    ../Drivers/STM32G4xx_HAL_Driver/Src/stm32g4xx_ll_pwr.c 0x00000000   Number         0  stm32g4xx_ll_pwr.o ABSOLUTE
    ../Drivers/STM32G4xx_HAL_Driver/Src/stm32g4xx_ll_rcc.c 0x00000000   Number         0  stm32g4xx_ll_rcc.o ABSOLUTE
    ../Drivers/STM32G4xx_HAL_Driver/Src/stm32g4xx_ll_usart.c 0x00000000   Number         0  stm32g4xx_ll_usart.o ABSOLUTE
    ../Drivers/STM32G4xx_HAL_Driver/Src/stm32g4xx_ll_utils.c 0x00000000   Number         0  stm32g4xx_ll_utils.o ABSOLUTE
    ../clib/microlib/division.c              0x00000000   Number         0  uidiv.o ABSOLUTE
    ../clib/microlib/division.c              0x00000000   Number         0  uldiv.o ABSOLUTE
    ../clib/microlib/init/entry.s            0x00000000   Number         0  entry8a.o ABSOLUTE
    ../clib/microlib/init/entry.s            0x00000000   Number         0  entry7b.o ABSOLUTE
    ../clib/microlib/init/entry.s            0x00000000   Number         0  entry7a.o ABSOLUTE
    ../clib/microlib/init/entry.s            0x00000000   Number         0  entry5.o ABSOLUTE
    ../clib/microlib/init/entry.s            0x00000000   Number         0  entry2.o ABSOLUTE
    ../clib/microlib/init/entry.s            0x00000000   Number         0  entry.o ABSOLUTE
    ../clib/microlib/init/entry.s            0x00000000   Number         0  entry8b.o ABSOLUTE
    ../clib/microlib/init/entry.s            0x00000000   Number         0  entry10a.o ABSOLUTE
    ../clib/microlib/init/entry.s            0x00000000   Number         0  entry11b.o ABSOLUTE
    ../clib/microlib/init/entry.s            0x00000000   Number         0  entry9b.o ABSOLUTE
    ../clib/microlib/init/entry.s            0x00000000   Number         0  entry11a.o ABSOLUTE
    ../clib/microlib/init/entry.s            0x00000000   Number         0  entry10b.o ABSOLUTE
    ../clib/microlib/init/entry.s            0x00000000   Number         0  entry9a.o ABSOLUTE
    ../clib/microlib/longlong.c              0x00000000   Number         0  llshl.o ABSOLUTE
    ../clib/microlib/longlong.c              0x00000000   Number         0  llsshr.o ABSOLUTE
    ../clib/microlib/longlong.c              0x00000000   Number         0  llushr.o ABSOLUTE
    ../clib/microlib/printf/printf.c         0x00000000   Number         0  printfa.o ABSOLUTE
    ../clib/microlib/stdio/fputc.c           0x00000000   Number         0  fputc.o ABSOLUTE
    ../clib/microlib/stdio/semi.s            0x00000000   Number         0  semi.o ABSOLUTE
    ../clib/microlib/stdio/streams.c         0x00000000   Number         0  stdout.o ABSOLUTE
    ../clib/microlib/string/memset.c         0x00000000   Number         0  memseta.o ABSOLUTE
    ../clib/microlib/string/strlen.c         0x00000000   Number         0  strlen.o ABSOLUTE
    ../clib/microlib/stubs.s                 0x00000000   Number         0  iusefp.o ABSOLUTE
    ../clib/microlib/stubs.s                 0x00000000   Number         0  iusesemip.o ABSOLUTE
    ../fplib/microlib/fpadd.c                0x00000000   Number         0  dadd.o ABSOLUTE
    ../fplib/microlib/fpdiv.c                0x00000000   Number         0  ddiv.o ABSOLUTE
    ../fplib/microlib/fpepilogue.c           0x00000000   Number         0  depilogue.o ABSOLUTE
    ../fplib/microlib/fpfix.c                0x00000000   Number         0  dfixul.o ABSOLUTE
    ../fplib/microlib/fpmul.c                0x00000000   Number         0  dmul.o ABSOLUTE
    ..\Core\Src\gpio.c                       0x00000000   Number         0  gpio.o ABSOLUTE
    ..\Core\Src\i2c.c                        0x00000000   Number         0  i2c.o ABSOLUTE
    ..\Core\Src\main.c                       0x00000000   Number         0  main.o ABSOLUTE
    ..\Core\Src\stm32g4xx_it.c               0x00000000   Number         0  stm32g4xx_it.o ABSOLUTE
    ..\Core\Src\system_stm32g4xx.c           0x00000000   Number         0  system_stm32g4xx.o ABSOLUTE
    ..\Core\Src\usart.c                      0x00000000   Number         0  usart.o ABSOLUTE
    ..\Drivers\STM32G4xx_HAL_Driver\Src\stm32g4xx_ll_dma.c 0x00000000   Number         0  stm32g4xx_ll_dma.o ABSOLUTE
    ..\Drivers\STM32G4xx_HAL_Driver\Src\stm32g4xx_ll_exti.c 0x00000000   Number         0  stm32g4xx_ll_exti.o ABSOLUTE
    ..\Drivers\STM32G4xx_HAL_Driver\Src\stm32g4xx_ll_gpio.c 0x00000000   Number         0  stm32g4xx_ll_gpio.o ABSOLUTE
    ..\Drivers\STM32G4xx_HAL_Driver\Src\stm32g4xx_ll_i2c.c 0x00000000   Number         0  stm32g4xx_ll_i2c.o ABSOLUTE
    ..\Drivers\STM32G4xx_HAL_Driver\Src\stm32g4xx_ll_pwr.c 0x00000000   Number         0  stm32g4xx_ll_pwr.o ABSOLUTE
    ..\Drivers\STM32G4xx_HAL_Driver\Src\stm32g4xx_ll_rcc.c 0x00000000   Number         0  stm32g4xx_ll_rcc.o ABSOLUTE
    ..\Drivers\STM32G4xx_HAL_Driver\Src\stm32g4xx_ll_usart.c 0x00000000   Number         0  stm32g4xx_ll_usart.o ABSOLUTE
    ..\Drivers\STM32G4xx_HAL_Driver\Src\stm32g4xx_ll_utils.c 0x00000000   Number         0  stm32g4xx_ll_utils.o ABSOLUTE
    cdrcmple.s                               0x00000000   Number         0  cdrcmple.o ABSOLUTE
    dc.s                                     0x00000000   Number         0  dc.o ABSOLUTE
    handlers.s                               0x00000000   Number         0  handlers.o ABSOLUTE
    init.s                                   0x00000000   Number         0  init.o ABSOLUTE
    startup_stm32g431xx.s                    0x00000000   Number         0  startup_stm32g431xx.o ABSOLUTE
    RESET                                    0x08000000   Section      472  startup_stm32g431xx.o(RESET)
    .ARM.Collect$$$$00000000                 0x080001d8   Section        0  entry.o(.ARM.Collect$$$$00000000)
    .ARM.Collect$$$$00000001                 0x080001d8   Section        4  entry2.o(.ARM.Collect$$$$00000001)
    .ARM.Collect$$$$00000004                 0x080001dc   Section        4  entry5.o(.ARM.Collect$$$$00000004)
    .ARM.Collect$$$$00000008                 0x080001e0   Section        0  entry7b.o(.ARM.Collect$$$$00000008)
    .ARM.Collect$$$$0000000A                 0x080001e0   Section        0  entry8b.o(.ARM.Collect$$$$0000000A)
    .ARM.Collect$$$$0000000B                 0x080001e0   Section        8  entry9a.o(.ARM.Collect$$$$0000000B)
    .ARM.Collect$$$$0000000D                 0x080001e8   Section        0  entry10a.o(.ARM.Collect$$$$0000000D)
    .ARM.Collect$$$$0000000F                 0x080001e8   Section        0  entry11a.o(.ARM.Collect$$$$0000000F)
    .ARM.Collect$$$$00002712                 0x080001e8   Section        4  entry2.o(.ARM.Collect$$$$00002712)
    __lit__00000000                          0x080001e8   Data           4  entry2.o(.ARM.Collect$$$$00002712)
    .text                                    0x080001ec   Section       36  startup_stm32g431xx.o(.text)
    $v0                                      0x080001ec   Number         0  startup_stm32g431xx.o(.text)
    .text                                    0x08000210   Section        0  memseta.o(.text)
    .text                                    0x08000234   Section       36  init.o(.text)
    i.BusFault_Handler                       0x08000258   Section        0  stm32g4xx_it.o(i.BusFault_Handler)
    i.DebugMon_Handler                       0x0800025a   Section        0  stm32g4xx_it.o(i.DebugMon_Handler)
    i.HardFault_Handler                      0x0800025c   Section        0  stm32g4xx_it.o(i.HardFault_Handler)
    i.LL_AHB2_GRP1_EnableClock               0x08000260   Section        0  gpio.o(i.LL_AHB2_GRP1_EnableClock)
    LL_AHB2_GRP1_EnableClock                 0x08000261   Thumb Code    18  gpio.o(i.LL_AHB2_GRP1_EnableClock)
    i.LL_GPIO_Init                           0x08000278   Section        0  stm32g4xx_ll_gpio.o(i.LL_GPIO_Init)
    i.LL_I2C_Init                            0x080003ae   Section        0  stm32g4xx_ll_i2c.o(i.LL_I2C_Init)
    i.LL_Init1msTick                         0x08000416   Section        0  stm32g4xx_ll_utils.o(i.LL_Init1msTick)
    i.LL_RCC_GetUARTClockFreq                0x08000430   Section        0  stm32g4xx_ll_rcc.o(i.LL_RCC_GetUARTClockFreq)
    i.LL_RCC_GetUSARTClockFreq               0x0800048c   Section        0  stm32g4xx_ll_rcc.o(i.LL_RCC_GetUSARTClockFreq)
    i.LL_RCC_HSI_IsReady                     0x08000540   Section        0  stm32g4xx_ll_rcc.o(i.LL_RCC_HSI_IsReady)
    LL_RCC_HSI_IsReady                       0x08000541   Thumb Code    10  stm32g4xx_ll_rcc.o(i.LL_RCC_HSI_IsReady)
    i.LL_RCC_LSE_IsReady                     0x08000550   Section        0  stm32g4xx_ll_rcc.o(i.LL_RCC_LSE_IsReady)
    LL_RCC_LSE_IsReady                       0x08000551   Thumb Code    12  stm32g4xx_ll_rcc.o(i.LL_RCC_LSE_IsReady)
    i.LL_RCC_SetAHBPrescaler                 0x08000560   Section        0  main.o(i.LL_RCC_SetAHBPrescaler)
    LL_RCC_SetAHBPrescaler                   0x08000561   Thumb Code    14  main.o(i.LL_RCC_SetAHBPrescaler)
    i.LL_SetSystemCoreClock                  0x08000574   Section        0  stm32g4xx_ll_utils.o(i.LL_SetSystemCoreClock)
    i.LL_USART_Init                          0x08000580   Section        0  stm32g4xx_ll_usart.o(i.LL_USART_Init)
    i.MX_GPIO_Init                           0x08000668   Section        0  gpio.o(i.MX_GPIO_Init)
    i.MX_I2C1_Init                           0x0800067c   Section        0  i2c.o(i.MX_I2C1_Init)
    i.MX_USART1_UART_Init                    0x08000744   Section        0  usart.o(i.MX_USART1_UART_Init)
    i.MemManage_Handler                      0x08000820   Section        0  stm32g4xx_it.o(i.MemManage_Handler)
    i.NMI_Handler                            0x08000822   Section        0  stm32g4xx_it.o(i.NMI_Handler)
    i.PendSV_Handler                         0x08000824   Section        0  stm32g4xx_it.o(i.PendSV_Handler)
    i.RCC_GetHCLKClockFreq                   0x08000828   Section        0  stm32g4xx_ll_rcc.o(i.RCC_GetHCLKClockFreq)
    i.RCC_GetPCLK1ClockFreq                  0x08000848   Section        0  stm32g4xx_ll_rcc.o(i.RCC_GetPCLK1ClockFreq)
    i.RCC_GetPCLK2ClockFreq                  0x08000868   Section        0  stm32g4xx_ll_rcc.o(i.RCC_GetPCLK2ClockFreq)
    i.RCC_GetSystemClockFreq                 0x08000888   Section        0  stm32g4xx_ll_rcc.o(i.RCC_GetSystemClockFreq)
    i.RCC_PLL_GetFreqDomain_SYS              0x080008b4   Section        0  stm32g4xx_ll_rcc.o(i.RCC_PLL_GetFreqDomain_SYS)
    i.SVC_Handler                            0x080008fc   Section        0  stm32g4xx_it.o(i.SVC_Handler)
    i.SysTick_Handler                        0x080008fe   Section        0  stm32g4xx_it.o(i.SysTick_Handler)
    i.SystemClock_Config                     0x08000900   Section        0  main.o(i.SystemClock_Config)
    i.SystemInit                             0x08000a00   Section        0  system_stm32g4xx.o(i.SystemInit)
    i.UsageFault_Handler                     0x08000a1c   Section        0  stm32g4xx_it.o(i.UsageFault_Handler)
    i.__scatterload_copy                     0x08000a1e   Section       14  handlers.o(i.__scatterload_copy)
    i.__scatterload_null                     0x08000a2c   Section        2  handlers.o(i.__scatterload_null)
    i.__scatterload_zeroinit                 0x08000a2e   Section       14  handlers.o(i.__scatterload_zeroinit)
    i.main                                   0x08000a3c   Section        0  main.o(i.main)
    .constdata                               0x08000aa0   Section       48  stm32g4xx_ll_usart.o(.constdata)
    USART_PRESCALER_TAB                      0x08000aa0   Data          48  stm32g4xx_ll_usart.o(.constdata)
    .constdata                               0x08000ad0   Section       16  system_stm32g4xx.o(.constdata)
    .constdata                               0x08000ae0   Section        8  system_stm32g4xx.o(.constdata)
    .data                                    0x20000000   Section        4  system_stm32g4xx.o(.data)
    STACK                                    0x20000008   Section     1024  startup_stm32g431xx.o(STACK)

    Global Symbols

    Symbol Name                              Value     Ov Type        Size  Object(Section)

    BuildAttributes$$THM_ISAv4$E$P$D$K$B$S$7EM$VFPi3$EXTD16$VFPS$VFMA$PE$A:L22UL41UL21$X:L11$S22US41US21$IEEE1$IW$USESV6$~STKCKD$USESV7$~SHL$OSPACE$ROPI$EBA8$MICROLIB$REQ8$PRES8$EABIv2 0x00000000   Number         0  anon$$obj.o ABSOLUTE
    __ARM_use_no_argv                        0x00000000   Number         0  main.o ABSOLUTE
    __cpp_initialize__aeabi_                  - Undefined Weak Reference
    __cxa_finalize                            - Undefined Weak Reference
    __decompress                              - Undefined Weak Reference
    _clock_init                               - Undefined Weak Reference
    _microlib_exit                            - Undefined Weak Reference
    __Vectors_Size                           0x000001d8   Number         0  startup_stm32g431xx.o ABSOLUTE
    __Vectors                                0x08000000   Data           4  startup_stm32g431xx.o(RESET)
    __Vectors_End                            0x080001d8   Data           0  startup_stm32g431xx.o(RESET)
    __main                                   0x080001d9   Thumb Code     0  entry.o(.ARM.Collect$$$$00000000)
    _main_stk                                0x080001d9   Thumb Code     0  entry2.o(.ARM.Collect$$$$00000001)
    _main_scatterload                        0x080001dd   Thumb Code     0  entry5.o(.ARM.Collect$$$$00000004)
    __main_after_scatterload                 0x080001e1   Thumb Code     0  entry5.o(.ARM.Collect$$$$00000004)
    _main_clock                              0x080001e1   Thumb Code     0  entry7b.o(.ARM.Collect$$$$00000008)
    _main_cpp_init                           0x080001e1   Thumb Code     0  entry8b.o(.ARM.Collect$$$$0000000A)
    _main_init                               0x080001e1   Thumb Code     0  entry9a.o(.ARM.Collect$$$$0000000B)
    __rt_final_cpp                           0x080001e9   Thumb Code     0  entry10a.o(.ARM.Collect$$$$0000000D)
    __rt_final_exit                          0x080001e9   Thumb Code     0  entry11a.o(.ARM.Collect$$$$0000000F)
    Reset_Handler                            0x080001ed   Thumb Code     8  startup_stm32g431xx.o(.text)
    ADC1_2_IRQHandler                        0x08000207   Thumb Code     0  startup_stm32g431xx.o(.text)
    COMP1_2_3_IRQHandler                     0x08000207   Thumb Code     0  startup_stm32g431xx.o(.text)
    COMP4_IRQHandler                         0x08000207   Thumb Code     0  startup_stm32g431xx.o(.text)
    CORDIC_IRQHandler                        0x08000207   Thumb Code     0  startup_stm32g431xx.o(.text)
    CRS_IRQHandler                           0x08000207   Thumb Code     0  startup_stm32g431xx.o(.text)
    DMA1_Channel1_IRQHandler                 0x08000207   Thumb Code     0  startup_stm32g431xx.o(.text)
    DMA1_Channel2_IRQHandler                 0x08000207   Thumb Code     0  startup_stm32g431xx.o(.text)
    DMA1_Channel3_IRQHandler                 0x08000207   Thumb Code     0  startup_stm32g431xx.o(.text)
    DMA1_Channel4_IRQHandler                 0x08000207   Thumb Code     0  startup_stm32g431xx.o(.text)
    DMA1_Channel5_IRQHandler                 0x08000207   Thumb Code     0  startup_stm32g431xx.o(.text)
    DMA1_Channel6_IRQHandler                 0x08000207   Thumb Code     0  startup_stm32g431xx.o(.text)
    DMA2_Channel1_IRQHandler                 0x08000207   Thumb Code     0  startup_stm32g431xx.o(.text)
    DMA2_Channel2_IRQHandler                 0x08000207   Thumb Code     0  startup_stm32g431xx.o(.text)
    DMA2_Channel3_IRQHandler                 0x08000207   Thumb Code     0  startup_stm32g431xx.o(.text)
    DMA2_Channel4_IRQHandler                 0x08000207   Thumb Code     0  startup_stm32g431xx.o(.text)
    DMA2_Channel5_IRQHandler                 0x08000207   Thumb Code     0  startup_stm32g431xx.o(.text)
    DMA2_Channel6_IRQHandler                 0x08000207   Thumb Code     0  startup_stm32g431xx.o(.text)
    DMAMUX_OVR_IRQHandler                    0x08000207   Thumb Code     0  startup_stm32g431xx.o(.text)
    EXTI0_IRQHandler                         0x08000207   Thumb Code     0  startup_stm32g431xx.o(.text)
    EXTI15_10_IRQHandler                     0x08000207   Thumb Code     0  startup_stm32g431xx.o(.text)
    EXTI1_IRQHandler                         0x08000207   Thumb Code     0  startup_stm32g431xx.o(.text)
    EXTI2_IRQHandler                         0x08000207   Thumb Code     0  startup_stm32g431xx.o(.text)
    EXTI3_IRQHandler                         0x08000207   Thumb Code     0  startup_stm32g431xx.o(.text)
    EXTI4_IRQHandler                         0x08000207   Thumb Code     0  startup_stm32g431xx.o(.text)
    EXTI9_5_IRQHandler                       0x08000207   Thumb Code     0  startup_stm32g431xx.o(.text)
    FDCAN1_IT0_IRQHandler                    0x08000207   Thumb Code     0  startup_stm32g431xx.o(.text)
    FDCAN1_IT1_IRQHandler                    0x08000207   Thumb Code     0  startup_stm32g431xx.o(.text)
    FLASH_IRQHandler                         0x08000207   Thumb Code     0  startup_stm32g431xx.o(.text)
    FMAC_IRQHandler                          0x08000207   Thumb Code     0  startup_stm32g431xx.o(.text)
    FPU_IRQHandler                           0x08000207   Thumb Code     0  startup_stm32g431xx.o(.text)
    I2C1_ER_IRQHandler                       0x08000207   Thumb Code     0  startup_stm32g431xx.o(.text)
    I2C1_EV_IRQHandler                       0x08000207   Thumb Code     0  startup_stm32g431xx.o(.text)
    I2C2_ER_IRQHandler                       0x08000207   Thumb Code     0  startup_stm32g431xx.o(.text)
    I2C2_EV_IRQHandler                       0x08000207   Thumb Code     0  startup_stm32g431xx.o(.text)
    I2C3_ER_IRQHandler                       0x08000207   Thumb Code     0  startup_stm32g431xx.o(.text)
    I2C3_EV_IRQHandler                       0x08000207   Thumb Code     0  startup_stm32g431xx.o(.text)
    LPTIM1_IRQHandler                        0x08000207   Thumb Code     0  startup_stm32g431xx.o(.text)
    LPUART1_IRQHandler                       0x08000207   Thumb Code     0  startup_stm32g431xx.o(.text)
    PVD_PVM_IRQHandler                       0x08000207   Thumb Code     0  startup_stm32g431xx.o(.text)
    RCC_IRQHandler                           0x08000207   Thumb Code     0  startup_stm32g431xx.o(.text)
    RNG_IRQHandler                           0x08000207   Thumb Code     0  startup_stm32g431xx.o(.text)
    RTC_Alarm_IRQHandler                     0x08000207   Thumb Code     0  startup_stm32g431xx.o(.text)
    RTC_TAMP_LSECSS_IRQHandler               0x08000207   Thumb Code     0  startup_stm32g431xx.o(.text)
    RTC_WKUP_IRQHandler                      0x08000207   Thumb Code     0  startup_stm32g431xx.o(.text)
    SAI1_IRQHandler                          0x08000207   Thumb Code     0  startup_stm32g431xx.o(.text)
    SPI1_IRQHandler                          0x08000207   Thumb Code     0  startup_stm32g431xx.o(.text)
    SPI2_IRQHandler                          0x08000207   Thumb Code     0  startup_stm32g431xx.o(.text)
    SPI3_IRQHandler                          0x08000207   Thumb Code     0  startup_stm32g431xx.o(.text)
    TIM1_BRK_TIM15_IRQHandler                0x08000207   Thumb Code     0  startup_stm32g431xx.o(.text)
    TIM1_CC_IRQHandler                       0x08000207   Thumb Code     0  startup_stm32g431xx.o(.text)
    TIM1_TRG_COM_TIM17_IRQHandler            0x08000207   Thumb Code     0  startup_stm32g431xx.o(.text)
    TIM1_UP_TIM16_IRQHandler                 0x08000207   Thumb Code     0  startup_stm32g431xx.o(.text)
    TIM2_IRQHandler                          0x08000207   Thumb Code     0  startup_stm32g431xx.o(.text)
    TIM3_IRQHandler                          0x08000207   Thumb Code     0  startup_stm32g431xx.o(.text)
    TIM4_IRQHandler                          0x08000207   Thumb Code     0  startup_stm32g431xx.o(.text)
    TIM6_DAC_IRQHandler                      0x08000207   Thumb Code     0  startup_stm32g431xx.o(.text)
    TIM7_IRQHandler                          0x08000207   Thumb Code     0  startup_stm32g431xx.o(.text)
    TIM8_BRK_IRQHandler                      0x08000207   Thumb Code     0  startup_stm32g431xx.o(.text)
    TIM8_CC_IRQHandler                       0x08000207   Thumb Code     0  startup_stm32g431xx.o(.text)
    TIM8_TRG_COM_IRQHandler                  0x08000207   Thumb Code     0  startup_stm32g431xx.o(.text)
    TIM8_UP_IRQHandler                       0x08000207   Thumb Code     0  startup_stm32g431xx.o(.text)
    UART4_IRQHandler                         0x08000207   Thumb Code     0  startup_stm32g431xx.o(.text)
    UCPD1_IRQHandler                         0x08000207   Thumb Code     0  startup_stm32g431xx.o(.text)
    USART1_IRQHandler                        0x08000207   Thumb Code     0  startup_stm32g431xx.o(.text)
    USART2_IRQHandler                        0x08000207   Thumb Code     0  startup_stm32g431xx.o(.text)
    USART3_IRQHandler                        0x08000207   Thumb Code     0  startup_stm32g431xx.o(.text)
    USBWakeUp_IRQHandler                     0x08000207   Thumb Code     0  startup_stm32g431xx.o(.text)
    USB_HP_IRQHandler                        0x08000207   Thumb Code     0  startup_stm32g431xx.o(.text)
    USB_LP_IRQHandler                        0x08000207   Thumb Code     0  startup_stm32g431xx.o(.text)
    WWDG_IRQHandler                          0x08000207   Thumb Code     0  startup_stm32g431xx.o(.text)
    __aeabi_memset                           0x08000211   Thumb Code    14  memseta.o(.text)
    __aeabi_memset4                          0x08000211   Thumb Code     0  memseta.o(.text)
    __aeabi_memset8                          0x08000211   Thumb Code     0  memseta.o(.text)
    __aeabi_memclr                           0x0800021f   Thumb Code     4  memseta.o(.text)
    __aeabi_memclr4                          0x0800021f   Thumb Code     0  memseta.o(.text)
    __aeabi_memclr8                          0x0800021f   Thumb Code     0  memseta.o(.text)
    _memset$wrapper                          0x08000223   Thumb Code    18  memseta.o(.text)
    __scatterload                            0x08000235   Thumb Code    28  init.o(.text)
    __scatterload_rt2                        0x08000235   Thumb Code     0  init.o(.text)
    BusFault_Handler                         0x08000259   Thumb Code     2  stm32g4xx_it.o(i.BusFault_Handler)
    DebugMon_Handler                         0x0800025b   Thumb Code     2  stm32g4xx_it.o(i.DebugMon_Handler)
    HardFault_Handler                        0x0800025d   Thumb Code     2  stm32g4xx_it.o(i.HardFault_Handler)
    LL_GPIO_Init                             0x08000279   Thumb Code   310  stm32g4xx_ll_gpio.o(i.LL_GPIO_Init)
    LL_I2C_Init                              0x080003af   Thumb Code   104  stm32g4xx_ll_i2c.o(i.LL_I2C_Init)
    LL_Init1msTick                           0x08000417   Thumb Code    26  stm32g4xx_ll_utils.o(i.LL_Init1msTick)
    LL_RCC_GetUARTClockFreq                  0x08000431   Thumb Code    84  stm32g4xx_ll_rcc.o(i.LL_RCC_GetUARTClockFreq)
    LL_RCC_GetUSARTClockFreq                 0x0800048d   Thumb Code   172  stm32g4xx_ll_rcc.o(i.LL_RCC_GetUSARTClockFreq)
    LL_SetSystemCoreClock                    0x08000575   Thumb Code     6  stm32g4xx_ll_utils.o(i.LL_SetSystemCoreClock)
    LL_USART_Init                            0x08000581   Thumb Code   206  stm32g4xx_ll_usart.o(i.LL_USART_Init)
    MX_GPIO_Init                             0x08000669   Thumb Code    18  gpio.o(i.MX_GPIO_Init)
    MX_I2C1_Init                             0x0800067d   Thumb Code   188  i2c.o(i.MX_I2C1_Init)
    MX_USART1_UART_Init                      0x08000745   Thumb Code   206  usart.o(i.MX_USART1_UART_Init)
    MemManage_Handler                        0x08000821   Thumb Code     2  stm32g4xx_it.o(i.MemManage_Handler)
    NMI_Handler                              0x08000823   Thumb Code     2  stm32g4xx_it.o(i.NMI_Handler)
    PendSV_Handler                           0x08000825   Thumb Code     2  stm32g4xx_it.o(i.PendSV_Handler)
    RCC_GetHCLKClockFreq                     0x08000829   Thumb Code    22  stm32g4xx_ll_rcc.o(i.RCC_GetHCLKClockFreq)
    RCC_GetPCLK1ClockFreq                    0x08000849   Thumb Code    24  stm32g4xx_ll_rcc.o(i.RCC_GetPCLK1ClockFreq)
    RCC_GetPCLK2ClockFreq                    0x08000869   Thumb Code    24  stm32g4xx_ll_rcc.o(i.RCC_GetPCLK2ClockFreq)
    RCC_GetSystemClockFreq                   0x08000889   Thumb Code    30  stm32g4xx_ll_rcc.o(i.RCC_GetSystemClockFreq)
    RCC_PLL_GetFreqDomain_SYS                0x080008b5   Thumb Code    62  stm32g4xx_ll_rcc.o(i.RCC_PLL_GetFreqDomain_SYS)
    SVC_Handler                              0x080008fd   Thumb Code     2  stm32g4xx_it.o(i.SVC_Handler)
    SysTick_Handler                          0x080008ff   Thumb Code     2  stm32g4xx_it.o(i.SysTick_Handler)
    SystemClock_Config                       0x08000901   Thumb Code   228  main.o(i.SystemClock_Config)
    SystemInit                               0x08000a01   Thumb Code    22  system_stm32g4xx.o(i.SystemInit)
    UsageFault_Handler                       0x08000a1d   Thumb Code     2  stm32g4xx_it.o(i.UsageFault_Handler)
    __scatterload_copy                       0x08000a1f   Thumb Code    14  handlers.o(i.__scatterload_copy)
    __scatterload_null                       0x08000a2d   Thumb Code     2  handlers.o(i.__scatterload_null)
    __scatterload_zeroinit                   0x08000a2f   Thumb Code    14  handlers.o(i.__scatterload_zeroinit)
    main                                     0x08000a3d   Thumb Code    84  main.o(i.main)
    AHBPrescTable                            0x08000ad0   Data          16  system_stm32g4xx.o(.constdata)
    APBPrescTable                            0x08000ae0   Data           8  system_stm32g4xx.o(.constdata)
    Region$$Table$$Base                      0x08000ae8   Number         0  anon$$obj.o(Region$$Table)
    Region$$Table$$Limit                     0x08000b08   Number         0  anon$$obj.o(Region$$Table)
    SystemCoreClock                          0x20000000   Data           4  system_stm32g4xx.o(.data)
    __initial_sp                             0x20000408   Data           0  startup_stm32g431xx.o(STACK)



==============================================================================

Memory Map of the image

  Image Entry point : 0x080001d9

  Load Region LR_IROM1 (Base: 0x08000000, Size: 0x00000b0c, Max: 0x00020000, ABSOLUTE)

    Execution Region ER_IROM1 (Exec base: 0x08000000, Load base: 0x08000000, Size: 0x00000b08, Max: 0x00020000, ABSOLUTE)

    Exec Addr    Load Addr    Size         Type   Attr      Idx    E Section Name        Object

    0x08000000   0x08000000   0x000001d8   Data   RO            3    RESET               startup_stm32g431xx.o
    0x080001d8   0x080001d8   0x00000000   Code   RO          899  * .ARM.Collect$$$$00000000  mc_w.l(entry.o)
    0x080001d8   0x080001d8   0x00000004   Code   RO          934    .ARM.Collect$$$$00000001  mc_w.l(entry2.o)
    0x080001dc   0x080001dc   0x00000004   Code   RO          937    .ARM.Collect$$$$00000004  mc_w.l(entry5.o)
    0x080001e0   0x080001e0   0x00000000   Code   RO          939    .ARM.Collect$$$$00000008  mc_w.l(entry7b.o)
    0x080001e0   0x080001e0   0x00000000   Code   RO          941    .ARM.Collect$$$$0000000A  mc_w.l(entry8b.o)
    0x080001e0   0x080001e0   0x00000008   Code   RO          942    .ARM.Collect$$$$0000000B  mc_w.l(entry9a.o)
    0x080001e8   0x080001e8   0x00000000   Code   RO          944    .ARM.Collect$$$$0000000D  mc_w.l(entry10a.o)
    0x080001e8   0x080001e8   0x00000000   Code   RO          946    .ARM.Collect$$$$0000000F  mc_w.l(entry11a.o)
    0x080001e8   0x080001e8   0x00000004   Code   RO          935    .ARM.Collect$$$$00002712  mc_w.l(entry2.o)
    0x080001ec   0x080001ec   0x00000024   Code   RO            4    .text               startup_stm32g431xx.o
    0x08000210   0x08000210   0x00000024   Code   RO          902    .text               mc_w.l(memseta.o)
    0x08000234   0x08000234   0x00000024   Code   RO          966    .text               mc_w.l(init.o)
    0x08000258   0x08000258   0x00000002   Code   RO          278    i.BusFault_Handler  stm32g4xx_it.o
    0x0800025a   0x0800025a   0x00000002   Code   RO          279    i.DebugMon_Handler  stm32g4xx_it.o
    0x0800025c   0x0800025c   0x00000002   Code   RO          280    i.HardFault_Handler  stm32g4xx_it.o
    0x0800025e   0x0800025e   0x00000002   PAD
    0x08000260   0x08000260   0x00000018   Code   RO          145    i.LL_AHB2_GRP1_EnableClock  gpio.o
    0x08000278   0x08000278   0x00000136   Code   RO          486    i.LL_GPIO_Init      stm32g4xx_ll_gpio.o
    0x080003ae   0x080003ae   0x00000068   Code   RO          536    i.LL_I2C_Init       stm32g4xx_ll_i2c.o
    0x08000416   0x08000416   0x0000001a   Code   RO          356    i.LL_Init1msTick    stm32g4xx_ll_utils.o
    0x08000430   0x08000430   0x0000005c   Code   RO          717    i.LL_RCC_GetUARTClockFreq  stm32g4xx_ll_rcc.o
    0x0800048c   0x0800048c   0x000000b4   Code   RO          718    i.LL_RCC_GetUSARTClockFreq  stm32g4xx_ll_rcc.o
    0x08000540   0x08000540   0x00000010   Code   RO          720    i.LL_RCC_HSI_IsReady  stm32g4xx_ll_rcc.o
    0x08000550   0x08000550   0x00000010   Code   RO          721    i.LL_RCC_LSE_IsReady  stm32g4xx_ll_rcc.o
    0x08000560   0x08000560   0x00000014   Code   RO           14    i.LL_RCC_SetAHBPrescaler  main.o
    0x08000574   0x08000574   0x0000000c   Code   RO          362    i.LL_SetSystemCoreClock  stm32g4xx_ll_utils.o
    0x08000580   0x08000580   0x000000e8   Code   RO          653    i.LL_USART_Init     stm32g4xx_ll_usart.o
    0x08000668   0x08000668   0x00000012   Code   RO          146    i.MX_GPIO_Init      gpio.o
    0x0800067a   0x0800067a   0x00000002   PAD
    0x0800067c   0x0800067c   0x000000c8   Code   RO          192    i.MX_I2C1_Init      i2c.o
    0x08000744   0x08000744   0x000000dc   Code   RO          232    i.MX_USART1_UART_Init  usart.o
    0x08000820   0x08000820   0x00000002   Code   RO          281    i.MemManage_Handler  stm32g4xx_it.o
    0x08000822   0x08000822   0x00000002   Code   RO          282    i.NMI_Handler       stm32g4xx_it.o
    0x08000824   0x08000824   0x00000002   Code   RO          283    i.PendSV_Handler    stm32g4xx_it.o
    0x08000826   0x08000826   0x00000002   PAD
    0x08000828   0x08000828   0x00000020   Code   RO          723    i.RCC_GetHCLKClockFreq  stm32g4xx_ll_rcc.o
    0x08000848   0x08000848   0x00000020   Code   RO          724    i.RCC_GetPCLK1ClockFreq  stm32g4xx_ll_rcc.o
    0x08000868   0x08000868   0x00000020   Code   RO          725    i.RCC_GetPCLK2ClockFreq  stm32g4xx_ll_rcc.o
    0x08000888   0x08000888   0x0000002c   Code   RO          726    i.RCC_GetSystemClockFreq  stm32g4xx_ll_rcc.o
    0x080008b4   0x080008b4   0x00000048   Code   RO          729    i.RCC_PLL_GetFreqDomain_SYS  stm32g4xx_ll_rcc.o
    0x080008fc   0x080008fc   0x00000002   Code   RO          284    i.SVC_Handler       stm32g4xx_it.o
    0x080008fe   0x080008fe   0x00000002   Code   RO          285    i.SysTick_Handler   stm32g4xx_it.o
    0x08000900   0x08000900   0x00000100   Code   RO           15    i.SystemClock_Config  main.o
    0x08000a00   0x08000a00   0x0000001c   Code   RO          865    i.SystemInit        system_stm32g4xx.o
    0x08000a1c   0x08000a1c   0x00000002   Code   RO          286    i.UsageFault_Handler  stm32g4xx_it.o
    0x08000a1e   0x08000a1e   0x0000000e   Code   RO          980    i.__scatterload_copy  mc_w.l(handlers.o)
    0x08000a2c   0x08000a2c   0x00000002   Code   RO          981    i.__scatterload_null  mc_w.l(handlers.o)
    0x08000a2e   0x08000a2e   0x0000000e   Code   RO          982    i.__scatterload_zeroinit  mc_w.l(handlers.o)
    0x08000a3c   0x08000a3c   0x00000064   Code   RO           16    i.main              main.o
    0x08000aa0   0x08000aa0   0x00000030   Data   RO          655    .constdata          stm32g4xx_ll_usart.o
    0x08000ad0   0x08000ad0   0x00000010   Data   RO          866    .constdata          system_stm32g4xx.o
    0x08000ae0   0x08000ae0   0x00000008   Data   RO          867    .constdata          system_stm32g4xx.o
    0x08000ae8   0x08000ae8   0x00000020   Data   RO          978    Region$$Table       anon$$obj.o


    Execution Region RW_IRAM1 (Exec base: 0x20000000, Load base: 0x08000b08, Size: 0x00000408, Max: 0x00008000, ABSOLUTE)

    Exec Addr    Load Addr    Size         Type   Attr      Idx    E Section Name        Object

    0x20000000   0x08000b08   0x00000004   Data   RW          868    .data               system_stm32g4xx.o
    0x20000004   0x08000b0c   0x00000004   PAD
    0x20000008        -       0x00000400   Zero   RW            1    STACK               startup_stm32g431xx.o


==============================================================================

Image component sizes


      Code (inc. data)   RO Data    RW Data    ZI Data      Debug   Object Name

        42          6          0          0          0       6543   gpio.o
       200         12          0          0          0      18883   i2c.o
       376         50          0          0          0     536999   main.o
        36          8        472          0       1024        836   startup_stm32g431xx.o
        18          0          0          0          0       4166   stm32g4xx_it.o
       310          0          0          0          0       7327   stm32g4xx_ll_gpio.o
       104          0          0          0          0      14522   stm32g4xx_ll_i2c.o
       516         76          0          0          0      28695   stm32g4xx_ll_rcc.o
       232         26         48          0          0      26636   stm32g4xx_ll_usart.o
        38          6          0          0          0       6829   stm32g4xx_ll_utils.o
        28          6         24          4          0       1159   system_stm32g4xx.o
       220         14          0          0          0      28866   usart.o

    ----------------------------------------------------------------------
      2126        204        576          4       1028     681461   Object Totals
         0          0         32          0          0          0   (incl. Generated)
         6          0          0          0          4          0   (incl. Padding)

    ----------------------------------------------------------------------

      Code (inc. data)   RO Data    RW Data    ZI Data      Debug   Library Member Name

         0          0          0          0          0          0   entry.o
         0          0          0          0          0          0   entry10a.o
         0          0          0          0          0          0   entry11a.o
         8          4          0          0          0          0   entry2.o
         4          0          0          0          0          0   entry5.o
         0          0          0          0          0          0   entry7b.o
         0          0          0          0          0          0   entry8b.o
         8          4          0          0          0          0   entry9a.o
        30          0          0          0          0          0   handlers.o
        36          8          0          0          0         68   init.o
        36          0          0          0          0        108   memseta.o

    ----------------------------------------------------------------------
       122         16          0          0          0        176   Library Totals
         0          0          0          0          0          0   (incl. Padding)

    ----------------------------------------------------------------------

      Code (inc. data)   RO Data    RW Data    ZI Data      Debug   Library Name

       122         16          0          0          0        176   mc_w.l

    ----------------------------------------------------------------------
       122         16          0          0          0        176   Library Totals

    ----------------------------------------------------------------------

==============================================================================


      Code (inc. data)   RO Data    RW Data    ZI Data      Debug   

      2248        220        576          4       1028     679341   Grand Totals
      2248        220        576          4       1028     679341   ELF Image Totals
      2248        220        576          4          0          0   ROM Totals

==============================================================================

    Total RO  Size (Code + RO Data)                 2824 (   2.76kB)
    Total RW  Size (RW Data + ZI Data)              1032 (   1.01kB)
    Total ROM Size (Code + RO Data + RW Data)       2828 (   2.76kB)

==============================================================================

