<html>
<body>
<pre>
<h1>µVision Build Log</h1>
<h2>Tool Versions:</h2>
IDE-Version: ¦ÌVision V5.27.1.0
Copyright (C) 2019 ARM Ltd and ARM Germany GmbH. All rights reserved.
License Information: bob Microsoft, Microsoft, LIC=65ISZ-JCSFU-568Q2-96GD0-W1ZV9-KQPGT
 
Tool Versions:
Toolchain:       MDK-ARM Plus  Version: 5.25.2.0
Toolchain Path:  C:\Keil_v5\ARM\ARMCC\Bin
C Compiler:      Armcc.exe V5.06 update 6 (build 750)
Assembler:       Armasm.exe V5.06 update 6 (build 750)
Linker/Locator:  ArmLink.exe V5.06 update 6 (build 750)
Library Manager: ArmAr.exe V5.06 update 6 (build 750)
Hex Converter:   FromElf.exe V5.06 update 6 (build 750)
CPU DLL:         SARMCM3.DLL V5.25.2.0
Dialog DLL:      DCM.DLL V1.17.1.0
Target DLL:      STLink\ST-LINKIII-KEIL_SWO.dll V3.0.1.0
Dialog DLL:      TCM.DLL V1.35.1.0
 
<h2>Project:</h2>
D:\fw_test\Mpu60x0_test\Mpu60x0_test\MDK-ARM\Mpu60x0_test.uvprojx
Project File Date:  06/21/2021

<h2>Output:</h2>
*** Using Compiler 'V5.06 update 6 (build 750)', folder: 'C:\Keil_v5\ARM\ARMCC\Bin'
Rebuild target 'Mpu60x0_test'
assembling startup_stm32g431xx.s...
compiling gpio.c...
compiling usart.c...
compiling main.c...
compiling i2c.c...
compiling stm32g4xx_ll_gpio.c...
compiling stm32g4xx_ll_utils.c...
compiling stm32g4xx_ll_exti.c...
compiling stm32g4xx_it.c...
compiling stm32g4xx_ll_pwr.c...
compiling stm32g4xx_ll_i2c.c...
compiling stm32g4xx_ll_dma.c...
compiling system_stm32g4xx.c...
compiling stm32g4xx_ll_usart.c...
compiling stm32g4xx_ll_rcc.c...
linking...
Program Size: Code=2248 RO-data=576 RW-data=4 ZI-data=1028  
FromELF: creating hex file...
"Mpu60x0_test\Mpu60x0_test.axf" - 0 Error(s), 0 Warning(s).

<h2>Software Packages used:</h2>

Package Vendor: ARM
                http://www.keil.com/pack/ARM.CMSIS.5.3.0.pack
                ARM.CMSIS.5.3.0
                CMSIS (Cortex Microcontroller Software Interface Standard)
   * Component: CORE Version: 5.1.1

Package Vendor: Keil
                http://www.keil.com/pack/Keil.STM32G4xx_DFP.1.2.0.pack
                Keil.STM32G4xx_DFP.1.2.0
                STMicroelectronics STM32G4 Series Device Support, Drivers and Examples

<h2>Collection of Component include folders:</h2>
  .\RTE\_Mpu60x0_test
  C:\Keil_v5\ARM\PACK\ARM\CMSIS\5.3.0\CMSIS\Include
  C:\Keil_v5\ARM\PACK\Keil\STM32G4xx_DFP\1.2.0\Drivers\CMSIS\Device\ST\STM32G4xx\Include

<h2>Collection of Component Files used:</h2>

   * Component: ARM::CMSIS:CORE:5.1.1
Build Time Elapsed:  00:00:19
</pre>
</body>
</html>
